mode: set
github.com/cavad93/vpn/windows/autostart.go:14.31,16.2 1 1
github.com/cavad93/vpn/windows/autostart_stub.go:8.31,10.2 1 1
github.com/cavad93/vpn/windows/autostart_stub.go:12.57,12.81 1 1
github.com/cavad93/vpn/windows/autostart_stub.go:13.58,13.82 1 1
github.com/cavad93/vpn/windows/autostart_stub.go:14.58,14.89 1 1
github.com/cavad93/vpn/windows/config.go:24.29,30.2 1 1
github.com/cavad93/vpn/windows/config.go:33.35,34.24 1 1
github.com/cavad93/vpn/windows/config.go:34.24,36.3 1 1
github.com/cavad93/vpn/windows/config.go:37.2,37.27 1 1
github.com/cavad93/vpn/windows/config.go:37.27,39.3 1 1
github.com/cavad93/vpn/windows/config.go:40.2,40.32 1 1
github.com/cavad93/vpn/windows/config.go:40.32,42.3 1 1
github.com/cavad93/vpn/windows/config.go:44.2,44.54 1 1
github.com/cavad93/vpn/windows/config.go:44.54,45.62 1 1
github.com/cavad93/vpn/windows/config.go:45.62,47.4 1 1
github.com/cavad93/vpn/windows/config.go:49.2,49.55 1 1
github.com/cavad93/vpn/windows/config.go:49.55,51.3 1 1
github.com/cavad93/vpn/windows/config.go:52.2,52.15 1 1
github.com/cavad93/vpn/windows/config.go:52.15,54.3 1 1
github.com/cavad93/vpn/windows/config.go:55.2,55.12 1 1
github.com/cavad93/vpn/windows/config.go:59.34,61.2 1 1
github.com/cavad93/vpn/windows/config.go:64.39,66.16 2 1
github.com/cavad93/vpn/windows/config.go:66.16,68.3 1 0
github.com/cavad93/vpn/windows/config.go:69.2,69.47 1 1
github.com/cavad93/vpn/windows/config.go:73.47,75.16 2 1
github.com/cavad93/vpn/windows/config.go:75.16,77.3 1 1
github.com/cavad93/vpn/windows/config.go:78.2,79.51 2 1
github.com/cavad93/vpn/windows/config.go:79.51,81.3 1 1
github.com/cavad93/vpn/windows/config.go:82.2,82.18 1 1
github.com/cavad93/vpn/windows/config.go:86.56,88.51 2 1
github.com/cavad93/vpn/windows/config.go:88.51,90.3 1 1
github.com/cavad93/vpn/windows/config.go:91.2,91.18 1 1
github.com/cavad93/vpn/windows/config.go:95.49,96.62 1 1
github.com/cavad93/vpn/windows/config.go:96.62,98.3 1 0
github.com/cavad93/vpn/windows/config.go:99.2,100.16 2 1
github.com/cavad93/vpn/windows/config.go:100.16,102.3 1 0
github.com/cavad93/vpn/windows/config.go:103.2,103.55 1 1
github.com/cavad93/vpn/windows/config.go:103.55,105.3 1 1
github.com/cavad93/vpn/windows/config.go:106.2,106.12 1 1
github.com/cavad93/vpn/windows/config_stub.go:10.34,12.16 2 1
github.com/cavad93/vpn/windows/config_stub.go:12.16,14.3 1 0
github.com/cavad93/vpn/windows/config_stub.go:15.2,15.56 1 1
github.com/cavad93/vpn/windows/killswitch.go:19.33,21.2 1 1
github.com/cavad93/vpn/windows/killswitch_stub.go:8.33,10.2 1 1
github.com/cavad93/vpn/windows/killswitch_stub.go:12.55,12.79 1 1
github.com/cavad93/vpn/windows/killswitch_stub.go:13.55,13.79 1 1
github.com/cavad93/vpn/windows/killswitch_stub.go:14.55,14.71 1 1
github.com/cavad93/vpn/windows/main.go:17.13,23.14 5 0
github.com/cavad93/vpn/windows/main.go:23.14,25.3 1 0
github.com/cavad93/vpn/windows/main.go:26.2,28.63 2 0
github.com/cavad93/vpn/windows/main.go:28.63,31.3 2 0
github.com/cavad93/vpn/windows/main.go:35.56,38.19 2 1
github.com/cavad93/vpn/windows/main.go:38.19,41.17 3 1
github.com/cavad93/vpn/windows/main.go:41.17,43.4 1 0
github.com/cavad93/vpn/windows/main.go:47.2,48.16 2 1
github.com/cavad93/vpn/windows/main.go:48.16,50.3 1 0
github.com/cavad93/vpn/windows/main.go:52.2,52.32 1 1
github.com/cavad93/vpn/windows/main.go:56.59,58.16 2 1
github.com/cavad93/vpn/windows/main.go:58.16,59.37 1 1
github.com/cavad93/vpn/windows/main.go:59.37,62.59 3 1
github.com/cavad93/vpn/windows/main.go:62.59,64.5 1 1
github.com/cavad93/vpn/windows/main.go:64.10,66.5 1 1
github.com/cavad93/vpn/windows/main.go:67.4,67.19 1 1
github.com/cavad93/vpn/windows/main.go:69.3,69.18 1 1
github.com/cavad93/vpn/windows/main.go:71.2,71.17 1 1
github.com/cavad93/vpn/windows/main.go:83.41,87.20 3 1
github.com/cavad93/vpn/windows/main.go:87.20,89.3 1 1
github.com/cavad93/vpn/windows/main.go:91.2,91.19 1 1
github.com/cavad93/vpn/windows/main.go:91.19,94.44 3 1
github.com/cavad93/vpn/windows/main.go:94.44,96.4 1 1
github.com/cavad93/vpn/windows/main.go:99.2,101.52 2 1
github.com/cavad93/vpn/windows/main.go:105.69,106.24 1 1
github.com/cavad93/vpn/windows/main.go:106.24,108.3 1 1
github.com/cavad93/vpn/windows/main.go:109.2,112.12 3 1
github.com/cavad93/vpn/windows/main.go:112.12,114.17 2 1
github.com/cavad93/vpn/windows/main.go:114.17,119.4 4 1
github.com/cavad93/vpn/windows/main.go:121.3,121.18 1 1
github.com/cavad93/vpn/windows/main.go:121.18,123.49 2 1
github.com/cavad93/vpn/windows/main.go:123.49,125.5 1 0
github.com/cavad93/vpn/windows/main.go:128.3,134.72 3 1
github.com/cavad93/vpn/windows/main.go:139.51,140.27 1 1
github.com/cavad93/vpn/windows/main.go:140.27,142.3 1 1
github.com/cavad93/vpn/windows/main.go:143.2,146.12 3 1
github.com/cavad93/vpn/windows/main.go:146.12,147.37 1 1
github.com/cavad93/vpn/windows/main.go:147.37,148.38 1 1
github.com/cavad93/vpn/windows/main.go:148.38,150.5 1 0
github.com/cavad93/vpn/windows/main.go:152.3,155.30 4 1
github.com/cavad93/vpn/windows/main.go:160.33,162.24 2 1
github.com/cavad93/vpn/windows/main.go:162.24,163.37 1 1
github.com/cavad93/vpn/windows/main.go:163.37,165.4 1 1
github.com/cavad93/vpn/windows/main.go:166.3,166.20 1 1
github.com/cavad93/vpn/windows/main.go:171.43,172.36 1 1
github.com/cavad93/vpn/windows/main.go:172.36,174.3 1 1
github.com/cavad93/vpn/windows/main.go:175.2,176.13 2 1
github.com/cavad93/vpn/windows/main.go:181.60,186.24 3 1
github.com/cavad93/vpn/windows/main.go:186.24,186.56 1 0
github.com/cavad93/vpn/windows/main.go:187.24,187.54 1 0
github.com/cavad93/vpn/windows/main.go:188.24,188.44 1 0
github.com/cavad93/vpn/windows/main.go:192.2,194.12 3 1
github.com/cavad93/vpn/windows/main.go:194.12,195.10 1 1
github.com/cavad93/vpn/windows/main.go:196.16,197.49 1 0
github.com/cavad93/vpn/windows/main.go:198.21,199.51 1 1
github.com/cavad93/vpn/windows/main.go:201.3,201.21 1 1
github.com/cavad93/vpn/windows/main.go:205.2,205.19 1 1
github.com/cavad93/vpn/windows/state.go:19.42,20.11 1 1
github.com/cavad93/vpn/windows/state.go:21.25,22.24 1 1
github.com/cavad93/vpn/windows/state.go:23.23,24.22 1 1
github.com/cavad93/vpn/windows/state.go:25.22,26.21 1 1
github.com/cavad93/vpn/windows/state.go:27.26,28.25 1 1
github.com/cavad93/vpn/windows/state.go:29.18,30.17 1 1
github.com/cavad93/vpn/windows/state.go:31.10,32.19 1 1
github.com/cavad93/vpn/windows/state.go:56.38,60.2 1 1
github.com/cavad93/vpn/windows/state.go:63.49,67.2 3 1
github.com/cavad93/vpn/windows/state.go:70.48,74.2 3 1
github.com/cavad93/vpn/windows/state.go:79.54,83.2 3 1
github.com/cavad93/vpn/windows/state.go:87.51,89.26 2 1
github.com/cavad93/vpn/windows/state.go:89.26,92.3 2 1
github.com/cavad93/vpn/windows/state.go:93.2,100.30 6 1
github.com/cavad93/vpn/windows/state.go:100.30,102.3 1 1
github.com/cavad93/vpn/windows/state.go:106.44,108.2 1 1
github.com/cavad93/vpn/windows/state.go:111.43,114.2 2 1
github.com/cavad93/vpn/windows/state.go:117.46,120.2 2 1
github.com/cavad93/vpn/windows/tray.go:21.50,23.2 1 1
github.com/cavad93/vpn/windows/tray_stub.go:13.50,18.2 1 1
github.com/cavad93/vpn/windows/tray_stub.go:20.32,24.2 2 1
github.com/cavad93/vpn/windows/tray_stub.go:26.72,29.2 1 1
github.com/cavad93/vpn/windows/tray_stub.go:31.27,32.9 1 1
github.com/cavad93/vpn/windows/tray_stub.go:33.16,33.16 0 1
github.com/cavad93/vpn/windows/tray_stub.go:34.10,35.16 1 1
github.com/cavad93/vpn/windows/tun.go:21.48,23.2 1 1
github.com/cavad93/vpn/windows/tun_stub.go:16.42,28.2 3 1
github.com/cavad93/vpn/windows/tun_stub.go:30.47,31.9 1 1
github.com/cavad93/vpn/windows/tun_stub.go:32.24,33.10 1 1
github.com/cavad93/vpn/windows/tun_stub.go:33.10,35.4 1 0
github.com/cavad93/vpn/windows/tun_stub.go:36.3,37.16 2 1
github.com/cavad93/vpn/windows/tun_stub.go:38.16,39.42 1 1
github.com/cavad93/vpn/windows/tun_stub.go:43.48,44.9 1 1
github.com/cavad93/vpn/windows/tun_stub.go:45.16,46.42 1 1
github.com/cavad93/vpn/windows/tun_stub.go:47.10,47.10 0 1
github.com/cavad93/vpn/windows/tun_stub.go:49.2,51.9 3 1
github.com/cavad93/vpn/windows/tun_stub.go:52.18,53.21 1 1
github.com/cavad93/vpn/windows/tun_stub.go:54.16,55.42 1 0
github.com/cavad93/vpn/windows/tun_stub.go:59.33,60.9 1 1
github.com/cavad93/vpn/windows/tun_stub.go:61.16,61.16 0 1
github.com/cavad93/vpn/windows/tun_stub.go:62.10,63.16 1 1
github.com/cavad93/vpn/windows/tun_stub.go:65.2,65.12 1 1
github.com/cavad93/vpn/windows/tun_stub.go:68.48,70.2 1 1
github.com/cavad93/vpn/windows/vpnclient.go:51.43,55.28 1 1
github.com/cavad93/vpn/windows/vpnclient.go:55.28,58.5 2 1
github.com/cavad93/vpn/windows/vpnclient.go:61.28,64.5 2 1
github.com/cavad93/vpn/windows/vpnclient.go:70.75,76.16 4 1
github.com/cavad93/vpn/windows/vpnclient.go:76.16,78.3 1 1
github.com/cavad93/vpn/windows/vpnclient.go:81.2,84.16 4 1
github.com/cavad93/vpn/windows/vpnclient.go:84.16,86.3 1 1
github.com/cavad93/vpn/windows/vpnclient.go:89.2,89.42 1 1
github.com/cavad93/vpn/windows/vpnclient.go:89.42,93.3 3 1
github.com/cavad93/vpn/windows/vpnclient.go:96.2,97.47 2 1
github.com/cavad93/vpn/windows/vpnclient.go:97.47,100.3 2 0
github.com/cavad93/vpn/windows/vpnclient.go:103.2,104.16 2 1
github.com/cavad93/vpn/windows/vpnclient.go:104.16,107.3 2 0
github.com/cavad93/vpn/windows/vpnclient.go:108.2,109.16 2 1
github.com/cavad93/vpn/windows/vpnclient.go:109.16,112.3 2 0
github.com/cavad93/vpn/windows/vpnclient.go:113.2,113.54 1 1
github.com/cavad93/vpn/windows/vpnclient.go:113.54,116.3 2 0
github.com/cavad93/vpn/windows/vpnclient.go:117.2,118.16 2 1
github.com/cavad93/vpn/windows/vpnclient.go:118.16,121.3 2 0
github.com/cavad93/vpn/windows/vpnclient.go:122.2,122.46 1 1
github.com/cavad93/vpn/windows/vpnclient.go:122.46,125.3 2 0
github.com/cavad93/vpn/windows/vpnclient.go:126.2,127.16 2 1
github.com/cavad93/vpn/windows/vpnclient.go:127.16,130.3 2 0
github.com/cavad93/vpn/windows/vpnclient.go:131.2,131.54 1 1
github.com/cavad93/vpn/windows/vpnclient.go:131.54,134.3 2 0
github.com/cavad93/vpn/windows/vpnclient.go:137.2,137.31 1 1
github.com/cavad93/vpn/windows/vpnclient.go:137.31,139.50 2 1
github.com/cavad93/vpn/windows/vpnclient.go:139.50,142.4 2 1
github.com/cavad93/vpn/windows/vpnclient.go:146.2,151.16 4 1
github.com/cavad93/vpn/windows/vpnclient.go:151.16,154.3 2 0
github.com/cavad93/vpn/windows/vpnclient.go:155.2,155.61 1 1
github.com/cavad93/vpn/windows/vpnclient.go:155.61,158.3 2 0
github.com/cavad93/vpn/windows/vpnclient.go:159.2,160.56 2 1
github.com/cavad93/vpn/windows/vpnclient.go:160.56,163.3 2 0
github.com/cavad93/vpn/windows/vpnclient.go:164.2,166.25 2 1
github.com/cavad93/vpn/windows/vpnclient.go:166.25,169.3 2 0
github.com/cavad93/vpn/windows/vpnclient.go:170.2,170.26 1 1
github.com/cavad93/vpn/windows/vpnclient.go:170.26,173.3 2 0
github.com/cavad93/vpn/windows/vpnclient.go:175.2,191.19 9 1
github.com/cavad93/vpn/windows/vpnclient.go:195.66,200.16 4 1
github.com/cavad93/vpn/windows/vpnclient.go:200.16,202.3 1 1
github.com/cavad93/vpn/windows/vpnclient.go:203.2,203.25 1 1
github.com/cavad93/vpn/windows/vpnclient.go:207.35,211.19 3 1
github.com/cavad93/vpn/windows/vpnclient.go:211.19,214.3 2 1
github.com/cavad93/vpn/windows/vpnclient.go:215.2,215.23 1 1
github.com/cavad93/vpn/windows/vpnclient.go:215.23,218.3 2 1
github.com/cavad93/vpn/windows/vpnclient.go:219.2,219.13 1 1
github.com/cavad93/vpn/windows/vpnclient.go:223.41,227.2 3 1
github.com/cavad93/vpn/windows/vpnclient.go:230.46,232.2 1 1
github.com/cavad93/vpn/windows/vpnclient.go:235.49,237.2 1 1
github.com/cavad93/vpn/windows/vpnclient.go:255.87,257.2 1 1
github.com/cavad93/vpn/windows/vpnclient.go:259.51,261.16 2 1
github.com/cavad93/vpn/windows/vpnclient.go:261.16,263.3 1 0
github.com/cavad93/vpn/windows/vpnclient.go:266.2,268.25 3 1
github.com/cavad93/vpn/windows/vpnclient.go:268.25,270.22 2 1
github.com/cavad93/vpn/windows/vpnclient.go:270.22,272.4 1 0
github.com/cavad93/vpn/windows/vpnclient.go:273.3,278.23 6 1
github.com/cavad93/vpn/windows/vpnclient.go:279.8,284.3 4 1
github.com/cavad93/vpn/windows/vpnclient.go:285.2,285.16 1 1
github.com/cavad93/vpn/windows/vpnclient.go:285.16,287.3 1 0
github.com/cavad93/vpn/windows/vpnclient.go:288.2,288.20 1 1
github.com/cavad93/vpn/windows/vpnclient.go:291.50,292.25 1 1
github.com/cavad93/vpn/windows/vpnclient.go:292.25,296.3 3 1
github.com/cavad93/vpn/windows/vpnclient.go:299.2,299.64 1 1
github.com/cavad93/vpn/windows/vpnclient.go:299.64,301.3 1 1
github.com/cavad93/vpn/windows/vpnclient.go:302.2,303.47 2 1
github.com/cavad93/vpn/windows/vpnclient.go:303.47,305.3 1 0
github.com/cavad93/vpn/windows/vpnclient.go:307.2,307.71 1 1
github.com/cavad93/vpn/windows/vpnclient.go:307.71,309.3 1 0
github.com/cavad93/vpn/windows/vpnclient.go:311.2,312.16 2 1
github.com/cavad93/vpn/windows/vpnclient.go:312.16,314.3 1 0
github.com/cavad93/vpn/windows/vpnclient.go:316.2,317.20 2 1
github.com/cavad93/vpn/windows/vpnclient.go:317.20,319.3 1 1
github.com/cavad93/vpn/windows/vpnclient.go:320.2,320.15 1 1
github.com/cavad93/vpn/windows/vpnclient.go:323.58,323.84 1 1
github.com/cavad93/vpn/windows/vpnclient.go:324.58,324.88 1 1
github.com/cavad93/vpn/windows/vpnclient.go:325.58,325.89 1 1
github.com/cavad93/vpn/windows/vpnclient.go:326.58,326.91 1 1
github.com/cavad93/vpn/windows/vpnclient.go:327.58,327.95 1 1
github.com/cavad93/vpn/windows/vpnclient.go:328.58,328.96 1 1
github.com/cavad93/vpn/windows/vpnclient.go:334.52,336.49 2 1
github.com/cavad93/vpn/windows/vpnclient.go:336.49,338.3 1 0
github.com/cavad93/vpn/windows/vpnclient.go:339.2,340.31 2 1
github.com/cavad93/vpn/windows/vpnclient.go:340.31,342.3 1 1
github.com/cavad93/vpn/windows/vpnclient.go:343.2,345.17 3 1
github.com/cavad93/vpn/windows/vpnclient.go:348.55,354.2 5 1
github.com/cavad93/vpn/windows/vpnclient.go:361.66,364.16 3 1
github.com/cavad93/vpn/windows/vpnclient.go:364.16,366.3 1 1
github.com/cavad93/vpn/windows/vpnclient.go:367.2,367.26 1 1
github.com/cavad93/vpn/windows/vpnclient.go:367.26,369.3 1 1
github.com/cavad93/vpn/windows/vpnclient.go:370.2,370.45 1 1
