mode: set
github.com/cavad93/vpn/server/main.go:53.29,59.2 1 1
github.com/cavad93/vpn/server/main.go:87.47,89.26 2 1
github.com/cavad93/vpn/server/main.go:89.26,91.3 1 0
github.com/cavad93/vpn/server/main.go:92.2,101.3 2 1
github.com/cavad93/vpn/server/main.go:119.137,120.15 1 1
github.com/cavad93/vpn/server/main.go:120.15,122.3 1 1
github.com/cavad93/vpn/server/main.go:123.2,123.16 1 1
github.com/cavad93/vpn/server/main.go:123.16,125.3 1 1
github.com/cavad93/vpn/server/main.go:127.2,128.16 2 1
github.com/cavad93/vpn/server/main.go:128.16,130.3 1 1
github.com/cavad93/vpn/server/main.go:132.2,142.26 2 1
github.com/cavad93/vpn/server/main.go:142.26,144.33 2 1
github.com/cavad93/vpn/server/main.go:144.33,146.4 1 1
github.com/cavad93/vpn/server/main.go:149.2,149.15 1 1
github.com/cavad93/vpn/server/main.go:153.49,155.16 2 1
github.com/cavad93/vpn/server/main.go:155.16,157.3 1 0
github.com/cavad93/vpn/server/main.go:158.2,162.12 3 1
github.com/cavad93/vpn/server/main.go:162.12,165.3 2 1
github.com/cavad93/vpn/server/main.go:167.2,167.6 1 1
github.com/cavad93/vpn/server/main.go:167.6,169.17 2 1
github.com/cavad93/vpn/server/main.go:169.17,170.11 1 1
github.com/cavad93/vpn/server/main.go:171.22,172.15 1 1
github.com/cavad93/vpn/server/main.go:173.12,175.13 2 0
github.com/cavad93/vpn/server/main.go:178.3,178.29 1 1
github.com/cavad93/vpn/server/main.go:183.44,187.32 4 1
github.com/cavad93/vpn/server/main.go:187.32,189.3 1 1
github.com/cavad93/vpn/server/main.go:190.2,190.12 1 1
github.com/cavad93/vpn/server/main.go:195.52,199.9 4 1
github.com/cavad93/vpn/server/main.go:199.9,201.3 1 1
github.com/cavad93/vpn/server/main.go:202.2,203.13 2 1
github.com/cavad93/vpn/server/main.go:207.65,212.47 3 1
github.com/cavad93/vpn/server/main.go:212.47,215.3 2 0
github.com/cavad93/vpn/server/main.go:218.2,219.16 2 1
github.com/cavad93/vpn/server/main.go:219.16,222.3 2 0
github.com/cavad93/vpn/server/main.go:225.2,225.43 1 1
github.com/cavad93/vpn/server/main.go:225.43,228.3 2 1
github.com/cavad93/vpn/server/main.go:231.2,251.15 8 1
github.com/cavad93/vpn/server/main.go:251.15,257.27 6 1
github.com/cavad93/vpn/server/main.go:257.27,259.4 1 1
github.com/cavad93/vpn/server/main.go:260.3,260.47 1 1
github.com/cavad93/vpn/server/main.go:263.2,266.6 2 1
github.com/cavad93/vpn/server/main.go:266.6,268.17 2 1
github.com/cavad93/vpn/server/main.go:268.17,270.4 1 1
github.com/cavad93/vpn/server/main.go:271.3,271.41 1 1
github.com/cavad93/vpn/server/main.go:276.97,281.12 4 1
github.com/cavad93/vpn/server/main.go:281.12,282.64 1 1
github.com/cavad93/vpn/server/main.go:282.64,284.4 1 1
github.com/cavad93/vpn/server/main.go:285.8,287.3 1 1
github.com/cavad93/vpn/server/main.go:291.110,296.52 3 1
github.com/cavad93/vpn/server/main.go:296.52,298.3 1 0
github.com/cavad93/vpn/server/main.go:299.2,299.24 1 1
github.com/cavad93/vpn/server/main.go:299.24,303.3 2 1
github.com/cavad93/vpn/server/main.go:306.2,307.16 2 1
github.com/cavad93/vpn/server/main.go:307.16,310.3 2 0
github.com/cavad93/vpn/server/main.go:312.2,325.46 11 1
github.com/cavad93/vpn/server/main.go:325.46,327.3 1 0
github.com/cavad93/vpn/server/main.go:329.2,330.12 2 1
github.com/cavad93/vpn/server/main.go:334.101,339.15 4 1
github.com/cavad93/vpn/server/main.go:339.15,341.30 2 1
github.com/cavad93/vpn/server/main.go:341.30,343.4 1 1
github.com/cavad93/vpn/server/main.go:344.3,345.17 2 1
github.com/cavad93/vpn/server/main.go:348.2,349.6 2 1
github.com/cavad93/vpn/server/main.go:349.6,350.10 1 1
github.com/cavad93/vpn/server/main.go:351.21,352.10 1 0
github.com/cavad93/vpn/server/main.go:353.11,353.11 0 1
github.com/cavad93/vpn/server/main.go:356.3,357.17 2 1
github.com/cavad93/vpn/server/main.go:357.17,359.4 1 1
github.com/cavad93/vpn/server/main.go:360.3,360.13 1 1
github.com/cavad93/vpn/server/main.go:360.13,362.12 1 0
github.com/cavad93/vpn/server/main.go:365.3,368.19 4 1
github.com/cavad93/vpn/server/main.go:373.52,375.6 2 1
github.com/cavad93/vpn/server/main.go:375.6,376.10 1 1
github.com/cavad93/vpn/server/main.go:377.21,378.10 1 0
github.com/cavad93/vpn/server/main.go:379.11,379.11 0 1
github.com/cavad93/vpn/server/main.go:382.3,383.17 2 1
github.com/cavad93/vpn/server/main.go:383.17,384.11 1 1
github.com/cavad93/vpn/server/main.go:385.22,386.11 1 1
github.com/cavad93/vpn/server/main.go:387.12,389.13 2 0
github.com/cavad93/vpn/server/main.go:392.3,392.13 1 1
github.com/cavad93/vpn/server/main.go:392.13,393.12 1 0
github.com/cavad93/vpn/server/main.go:397.3,402.33 4 1
github.com/cavad93/vpn/server/main.go:402.33,406.36 4 1
github.com/cavad93/vpn/server/main.go:406.36,408.10 2 1
github.com/cavad93/vpn/server/main.go:411.3,413.20 2 1
github.com/cavad93/vpn/server/main.go:413.20,414.12 1 0
github.com/cavad93/vpn/server/main.go:417.3,421.16 4 1
github.com/cavad93/vpn/server/main.go:421.16,422.12 1 0
github.com/cavad93/vpn/server/main.go:425.3,427.42 3 1
github.com/cavad93/vpn/server/main.go:427.42,429.4 1 1
github.com/cavad93/vpn/server/main.go:434.75,436.16 2 1
github.com/cavad93/vpn/server/main.go:436.16,438.3 1 0
github.com/cavad93/vpn/server/main.go:441.2,442.16 2 1
github.com/cavad93/vpn/server/main.go:442.16,444.3 1 1
github.com/cavad93/vpn/server/main.go:445.2,445.46 1 1
github.com/cavad93/vpn/server/main.go:445.46,447.3 1 1
github.com/cavad93/vpn/server/main.go:450.2,451.16 2 1
github.com/cavad93/vpn/server/main.go:451.16,453.3 1 0
github.com/cavad93/vpn/server/main.go:454.2,454.54 1 1
github.com/cavad93/vpn/server/main.go:454.54,456.3 1 0
github.com/cavad93/vpn/server/main.go:459.2,460.16 2 1
github.com/cavad93/vpn/server/main.go:460.16,462.3 1 1
github.com/cavad93/vpn/server/main.go:463.2,464.16 2 1
github.com/cavad93/vpn/server/main.go:464.16,466.3 1 0
github.com/cavad93/vpn/server/main.go:468.2,468.21 1 1
github.com/cavad93/vpn/server/main.go:472.50,473.29 1 1
github.com/cavad93/vpn/server/main.go:473.29,475.3 1 1
github.com/cavad93/vpn/server/main.go:476.2,477.11 2 1
github.com/cavad93/vpn/server/main.go:481.41,487.2 5 1
github.com/cavad93/vpn/server/main.go:490.54,492.56 2 1
github.com/cavad93/vpn/server/main.go:492.56,494.3 1 1
github.com/cavad93/vpn/server/main.go:495.2,496.59 2 1
github.com/cavad93/vpn/server/main.go:496.59,498.3 1 1
github.com/cavad93/vpn/server/main.go:499.2,500.50 2 1
github.com/cavad93/vpn/server/main.go:500.50,502.3 1 0
github.com/cavad93/vpn/server/main.go:503.2,503.17 1 1
github.com/cavad93/vpn/server/main.go:507.57,508.41 1 1
github.com/cavad93/vpn/server/main.go:508.41,510.3 1 1
github.com/cavad93/vpn/server/main.go:511.2,513.49 3 1
github.com/cavad93/vpn/server/main.go:513.49,515.3 1 0
github.com/cavad93/vpn/server/main.go:516.2,516.43 1 1
github.com/cavad93/vpn/server/main.go:516.43,518.3 1 1
github.com/cavad93/vpn/server/main.go:519.2,519.12 1 1
github.com/cavad93/vpn/server/main.go:534.70,536.2 1 1
github.com/cavad93/vpn/server/main.go:539.51,541.16 2 1
github.com/cavad93/vpn/server/main.go:541.16,543.3 1 0
github.com/cavad93/vpn/server/main.go:544.2,546.52 3 1
github.com/cavad93/vpn/server/main.go:546.52,548.3 1 1
github.com/cavad93/vpn/server/main.go:549.2,549.53 1 1
github.com/cavad93/vpn/server/main.go:549.53,551.3 1 0
github.com/cavad93/vpn/server/main.go:552.2,552.20 1 1
github.com/cavad93/vpn/server/main.go:556.50,558.25 1 1
github.com/cavad93/vpn/server/main.go:558.25,562.3 3 1
github.com/cavad93/vpn/server/main.go:565.2,566.59 2 1
github.com/cavad93/vpn/server/main.go:566.59,568.3 1 1
github.com/cavad93/vpn/server/main.go:569.2,573.55 3 1
github.com/cavad93/vpn/server/main.go:573.55,575.3 1 0
github.com/cavad93/vpn/server/main.go:578.2,579.16 2 1
github.com/cavad93/vpn/server/main.go:579.16,581.3 1 0
github.com/cavad93/vpn/server/main.go:583.2,584.24 2 1
github.com/cavad93/vpn/server/main.go:584.24,588.3 3 1
github.com/cavad93/vpn/server/main.go:589.2,589.15 1 1
github.com/cavad93/vpn/server/main.go:592.58,592.84 1 1
github.com/cavad93/vpn/server/main.go:593.58,593.88 1 1
github.com/cavad93/vpn/server/main.go:594.58,594.89 1 1
github.com/cavad93/vpn/server/main.go:595.58,595.91 1 1
github.com/cavad93/vpn/server/main.go:596.58,596.95 1 1
github.com/cavad93/vpn/server/main.go:597.58,597.96 1 1
github.com/cavad93/vpn/server/main.go:612.46,614.16 2 1
github.com/cavad93/vpn/server/main.go:614.16,616.3 1 1
github.com/cavad93/vpn/server/main.go:618.2,619.21 2 1
github.com/cavad93/vpn/server/main.go:619.21,621.3 1 0
github.com/cavad93/vpn/server/main.go:623.2,631.24 3 1
github.com/cavad93/vpn/server/main.go:631.24,633.3 1 1
github.com/cavad93/vpn/server/main.go:634.2,636.15 2 1
github.com/cavad93/vpn/server/main.go:640.45,648.34 5 1
github.com/cavad93/vpn/server/main.go:648.34,649.38 1 1
github.com/cavad93/vpn/server/main.go:649.38,650.9 1 1
github.com/cavad93/vpn/server/main.go:652.3,653.19 2 1
github.com/cavad93/vpn/server/main.go:653.19,656.4 2 1
github.com/cavad93/vpn/server/main.go:657.3,657.23 1 1
github.com/cavad93/vpn/server/main.go:659.2,659.59 1 1
github.com/cavad93/vpn/server/main.go:663.37,667.16 4 1
github.com/cavad93/vpn/server/main.go:667.16,669.3 1 1
github.com/cavad93/vpn/server/main.go:673.36,675.2 1 1
github.com/cavad93/vpn/server/main.go:678.34,681.2 2 1
github.com/cavad93/vpn/server/main.go:684.35,686.16 2 1
github.com/cavad93/vpn/server/main.go:686.16,688.3 1 1
github.com/cavad93/vpn/server/main.go:689.2,689.37 1 1
github.com/cavad93/vpn/server/main.go:693.32,695.16 2 1
github.com/cavad93/vpn/server/main.go:695.16,697.3 1 1
github.com/cavad93/vpn/server/main.go:698.2,700.12 3 1
github.com/cavad93/vpn/server/main.go:704.29,705.36 1 1
github.com/cavad93/vpn/server/main.go:705.36,707.17 2 1
github.com/cavad93/vpn/server/main.go:707.17,708.9 1 1
github.com/cavad93/vpn/server/main.go:714.54,718.32 4 1
github.com/cavad93/vpn/server/main.go:718.32,720.3 1 1
github.com/cavad93/vpn/server/main.go:721.2,721.25 1 1
github.com/cavad93/vpn/server/main.go:721.25,722.34 1 1
github.com/cavad93/vpn/server/main.go:722.34,724.4 1 1
github.com/cavad93/vpn/server/main.go:726.2,726.13 1 1
github.com/cavad93/vpn/server/main.go:735.87,737.16 2 1
github.com/cavad93/vpn/server/main.go:737.16,738.38 1 1
github.com/cavad93/vpn/server/main.go:738.38,740.4 1 0
github.com/cavad93/vpn/server/main.go:743.3,744.20 2 1
github.com/cavad93/vpn/server/main.go:744.20,746.4 1 0
github.com/cavad93/vpn/server/main.go:748.3,749.76 2 1
github.com/cavad93/vpn/server/main.go:749.76,751.4 1 0
github.com/cavad93/vpn/server/main.go:753.3,754.17 2 1
github.com/cavad93/vpn/server/main.go:758.2,760.16 3 1
github.com/cavad93/vpn/server/main.go:760.16,762.3 1 1
github.com/cavad93/vpn/server/main.go:763.2,763.38 1 1
github.com/cavad93/vpn/server/main.go:763.38,765.3 1 1
github.com/cavad93/vpn/server/main.go:767.2,771.16 4 1
github.com/cavad93/vpn/server/main.go:771.16,773.3 1 0
github.com/cavad93/vpn/server/main.go:774.2,777.16 3 1
github.com/cavad93/vpn/server/main.go:784.13,797.16 8 0
github.com/cavad93/vpn/server/main.go:797.16,800.3 2 0
github.com/cavad93/vpn/server/main.go:802.2,803.16 2 0
github.com/cavad93/vpn/server/main.go:803.16,806.3 2 0
github.com/cavad93/vpn/server/main.go:807.2,810.16 3 0
github.com/cavad93/vpn/server/main.go:810.16,813.3 2 0
github.com/cavad93/vpn/server/main.go:815.2,818.37 3 0
github.com/cavad93/vpn/server/main.go:818.37,821.3 2 0
github.com/cavad93/vpn/server/tun_linux.go:31.46,33.16 2 0
github.com/cavad93/vpn/server/tun_linux.go:33.16,35.3 1 0
github.com/cavad93/vpn/server/tun_linux.go:37.2,38.32 2 0
github.com/cavad93/vpn/server/tun_linux.go:38.32,41.3 2 0
github.com/cavad93/vpn/server/tun_linux.go:42.2,51.16 4 0
github.com/cavad93/vpn/server/tun_linux.go:51.16,54.3 2 0
github.com/cavad93/vpn/server/tun_linux.go:56.2,56.32 1 0
github.com/cavad93/vpn/server/tun_linux.go:59.49,59.74 1 0
github.com/cavad93/vpn/server/tun_linux.go:60.49,60.75 1 0
github.com/cavad93/vpn/server/tun_linux.go:61.49,61.74 1 0
