mode: set
github.com/cavad93/vpn/server/main.go:54.29,60.2 1 1
github.com/cavad93/vpn/server/main.go:80.47,82.26 2 1
github.com/cavad93/vpn/server/main.go:82.26,84.3 1 1
github.com/cavad93/vpn/server/main.go:85.2,94.3 2 1
github.com/cavad93/vpn/server/main.go:112.137,113.15 1 1
github.com/cavad93/vpn/server/main.go:113.15,115.3 1 1
github.com/cavad93/vpn/server/main.go:116.2,116.16 1 1
github.com/cavad93/vpn/server/main.go:116.16,118.3 1 1
github.com/cavad93/vpn/server/main.go:120.2,121.16 2 1
github.com/cavad93/vpn/server/main.go:121.16,123.3 1 1
github.com/cavad93/vpn/server/main.go:125.2,135.26 2 1
github.com/cavad93/vpn/server/main.go:135.26,137.33 2 1
github.com/cavad93/vpn/server/main.go:137.33,139.4 1 1
github.com/cavad93/vpn/server/main.go:142.2,142.15 1 1
github.com/cavad93/vpn/server/main.go:146.49,148.16 2 1
github.com/cavad93/vpn/server/main.go:148.16,150.3 1 0
github.com/cavad93/vpn/server/main.go:151.2,155.12 3 1
github.com/cavad93/vpn/server/main.go:155.12,158.3 2 1
github.com/cavad93/vpn/server/main.go:160.2,160.6 1 1
github.com/cavad93/vpn/server/main.go:160.6,162.17 2 1
github.com/cavad93/vpn/server/main.go:162.17,163.11 1 1
github.com/cavad93/vpn/server/main.go:164.22,165.15 1 1
github.com/cavad93/vpn/server/main.go:166.12,168.13 2 0
github.com/cavad93/vpn/server/main.go:171.3,171.29 1 1
github.com/cavad93/vpn/server/main.go:176.47,180.32 4 1
github.com/cavad93/vpn/server/main.go:180.32,182.3 1 1
github.com/cavad93/vpn/server/main.go:183.2,183.12 1 1
github.com/cavad93/vpn/server/main.go:188.46,191.26 3 1
github.com/cavad93/vpn/server/main.go:191.26,193.3 1 1
github.com/cavad93/vpn/server/main.go:194.2,194.33 1 1
github.com/cavad93/vpn/server/main.go:198.49,202.2 3 1
github.com/cavad93/vpn/server/main.go:205.43,208.29 3 1
github.com/cavad93/vpn/server/main.go:208.29,210.3 1 1
github.com/cavad93/vpn/server/main.go:211.2,212.31 2 1
github.com/cavad93/vpn/server/main.go:212.31,214.3 1 1
github.com/cavad93/vpn/server/main.go:215.2,215.12 1 1
github.com/cavad93/vpn/server/main.go:220.52,224.9 4 1
github.com/cavad93/vpn/server/main.go:224.9,226.3 1 1
github.com/cavad93/vpn/server/main.go:227.2,228.13 2 1
github.com/cavad93/vpn/server/main.go:232.65,237.47 3 1
github.com/cavad93/vpn/server/main.go:237.47,240.3 2 0
github.com/cavad93/vpn/server/main.go:243.2,244.16 2 1
github.com/cavad93/vpn/server/main.go:244.16,247.3 2 0
github.com/cavad93/vpn/server/main.go:250.2,250.43 1 1
github.com/cavad93/vpn/server/main.go:250.43,253.3 2 1
github.com/cavad93/vpn/server/main.go:256.2,276.15 8 1
github.com/cavad93/vpn/server/main.go:276.15,282.27 6 1
github.com/cavad93/vpn/server/main.go:282.27,284.4 1 1
github.com/cavad93/vpn/server/main.go:285.3,285.47 1 1
github.com/cavad93/vpn/server/main.go:288.2,291.6 2 1
github.com/cavad93/vpn/server/main.go:291.6,293.17 2 1
github.com/cavad93/vpn/server/main.go:293.17,295.4 1 1
github.com/cavad93/vpn/server/main.go:296.3,296.41 1 1
github.com/cavad93/vpn/server/main.go:301.97,306.12 4 1
github.com/cavad93/vpn/server/main.go:306.12,307.64 1 1
github.com/cavad93/vpn/server/main.go:307.64,309.4 1 1
github.com/cavad93/vpn/server/main.go:310.8,312.3 1 1
github.com/cavad93/vpn/server/main.go:316.110,321.52 3 1
github.com/cavad93/vpn/server/main.go:321.52,323.3 1 0
github.com/cavad93/vpn/server/main.go:324.2,324.24 1 1
github.com/cavad93/vpn/server/main.go:324.24,328.3 2 1
github.com/cavad93/vpn/server/main.go:331.2,332.16 2 1
github.com/cavad93/vpn/server/main.go:332.16,335.3 2 0
github.com/cavad93/vpn/server/main.go:337.2,350.46 11 1
github.com/cavad93/vpn/server/main.go:350.46,352.3 1 0
github.com/cavad93/vpn/server/main.go:354.2,355.12 2 1
github.com/cavad93/vpn/server/main.go:359.101,364.15 4 1
github.com/cavad93/vpn/server/main.go:364.15,366.30 2 1
github.com/cavad93/vpn/server/main.go:366.30,368.4 1 1
github.com/cavad93/vpn/server/main.go:369.3,370.17 2 1
github.com/cavad93/vpn/server/main.go:373.2,374.6 2 1
github.com/cavad93/vpn/server/main.go:374.6,375.10 1 1
github.com/cavad93/vpn/server/main.go:376.21,377.10 1 0
github.com/cavad93/vpn/server/main.go:378.11,378.11 0 1
github.com/cavad93/vpn/server/main.go:381.3,382.17 2 1
github.com/cavad93/vpn/server/main.go:382.17,384.4 1 1
github.com/cavad93/vpn/server/main.go:385.3,385.13 1 1
github.com/cavad93/vpn/server/main.go:385.13,387.12 1 0
github.com/cavad93/vpn/server/main.go:390.3,393.19 4 1
github.com/cavad93/vpn/server/main.go:398.52,400.6 2 1
github.com/cavad93/vpn/server/main.go:400.6,401.10 1 1
github.com/cavad93/vpn/server/main.go:402.21,403.10 1 0
github.com/cavad93/vpn/server/main.go:404.11,404.11 0 1
github.com/cavad93/vpn/server/main.go:407.3,408.17 2 1
github.com/cavad93/vpn/server/main.go:408.17,409.11 1 1
github.com/cavad93/vpn/server/main.go:410.22,411.11 1 1
github.com/cavad93/vpn/server/main.go:412.12,414.13 2 0
github.com/cavad93/vpn/server/main.go:417.3,417.13 1 1
github.com/cavad93/vpn/server/main.go:417.13,418.12 1 0
github.com/cavad93/vpn/server/main.go:422.3,427.33 4 1
github.com/cavad93/vpn/server/main.go:427.33,431.36 4 1
github.com/cavad93/vpn/server/main.go:431.36,433.10 2 1
github.com/cavad93/vpn/server/main.go:436.3,438.20 2 1
github.com/cavad93/vpn/server/main.go:438.20,439.12 1 0
github.com/cavad93/vpn/server/main.go:442.3,446.16 4 1
github.com/cavad93/vpn/server/main.go:446.16,447.12 1 0
github.com/cavad93/vpn/server/main.go:450.3,452.42 3 1
github.com/cavad93/vpn/server/main.go:452.42,454.4 1 1
github.com/cavad93/vpn/server/main.go:459.75,461.16 2 1
github.com/cavad93/vpn/server/main.go:461.16,463.3 1 0
github.com/cavad93/vpn/server/main.go:466.2,467.16 2 1
github.com/cavad93/vpn/server/main.go:467.16,469.3 1 1
github.com/cavad93/vpn/server/main.go:470.2,470.46 1 1
github.com/cavad93/vpn/server/main.go:470.46,472.3 1 1
github.com/cavad93/vpn/server/main.go:475.2,476.16 2 1
github.com/cavad93/vpn/server/main.go:476.16,478.3 1 0
github.com/cavad93/vpn/server/main.go:479.2,479.54 1 1
github.com/cavad93/vpn/server/main.go:479.54,481.3 1 0
github.com/cavad93/vpn/server/main.go:484.2,485.16 2 1
github.com/cavad93/vpn/server/main.go:485.16,487.3 1 1
github.com/cavad93/vpn/server/main.go:488.2,489.16 2 1
github.com/cavad93/vpn/server/main.go:489.16,491.3 1 0
github.com/cavad93/vpn/server/main.go:493.2,493.21 1 1
github.com/cavad93/vpn/server/main.go:497.50,498.29 1 1
github.com/cavad93/vpn/server/main.go:498.29,500.3 1 1
github.com/cavad93/vpn/server/main.go:501.2,502.11 2 1
github.com/cavad93/vpn/server/main.go:506.41,512.2 5 1
github.com/cavad93/vpn/server/main.go:515.54,517.56 2 1
github.com/cavad93/vpn/server/main.go:517.56,519.3 1 1
github.com/cavad93/vpn/server/main.go:520.2,521.59 2 1
github.com/cavad93/vpn/server/main.go:521.59,523.3 1 1
github.com/cavad93/vpn/server/main.go:524.2,525.50 2 1
github.com/cavad93/vpn/server/main.go:525.50,527.3 1 0
github.com/cavad93/vpn/server/main.go:528.2,528.17 1 1
github.com/cavad93/vpn/server/main.go:532.57,533.41 1 1
github.com/cavad93/vpn/server/main.go:533.41,535.3 1 1
github.com/cavad93/vpn/server/main.go:536.2,538.49 3 1
github.com/cavad93/vpn/server/main.go:538.49,540.3 1 0
github.com/cavad93/vpn/server/main.go:541.2,541.43 1 1
github.com/cavad93/vpn/server/main.go:541.43,543.3 1 1
github.com/cavad93/vpn/server/main.go:544.2,544.12 1 1
github.com/cavad93/vpn/server/main.go:559.70,561.2 1 1
github.com/cavad93/vpn/server/main.go:564.51,566.16 2 1
github.com/cavad93/vpn/server/main.go:566.16,568.3 1 0
github.com/cavad93/vpn/server/main.go:569.2,571.52 3 1
github.com/cavad93/vpn/server/main.go:571.52,573.3 1 1
github.com/cavad93/vpn/server/main.go:574.2,574.53 1 1
github.com/cavad93/vpn/server/main.go:574.53,576.3 1 0
github.com/cavad93/vpn/server/main.go:577.2,577.20 1 1
github.com/cavad93/vpn/server/main.go:581.50,583.25 1 1
github.com/cavad93/vpn/server/main.go:583.25,587.3 3 1
github.com/cavad93/vpn/server/main.go:590.2,591.59 2 1
github.com/cavad93/vpn/server/main.go:591.59,593.3 1 1
github.com/cavad93/vpn/server/main.go:594.2,598.55 3 1
github.com/cavad93/vpn/server/main.go:598.55,600.3 1 0
github.com/cavad93/vpn/server/main.go:603.2,604.16 2 1
github.com/cavad93/vpn/server/main.go:604.16,606.3 1 0
github.com/cavad93/vpn/server/main.go:608.2,609.24 2 1
github.com/cavad93/vpn/server/main.go:609.24,613.3 3 1
github.com/cavad93/vpn/server/main.go:614.2,614.15 1 1
github.com/cavad93/vpn/server/main.go:617.58,617.84 1 1
github.com/cavad93/vpn/server/main.go:618.58,618.88 1 1
github.com/cavad93/vpn/server/main.go:619.58,619.89 1 1
github.com/cavad93/vpn/server/main.go:620.58,620.91 1 1
github.com/cavad93/vpn/server/main.go:621.58,621.95 1 1
github.com/cavad93/vpn/server/main.go:622.58,622.96 1 1
github.com/cavad93/vpn/server/main.go:637.46,639.16 2 1
github.com/cavad93/vpn/server/main.go:639.16,641.3 1 1
github.com/cavad93/vpn/server/main.go:643.2,644.21 2 1
github.com/cavad93/vpn/server/main.go:644.21,646.3 1 0
github.com/cavad93/vpn/server/main.go:648.2,656.24 3 1
github.com/cavad93/vpn/server/main.go:656.24,658.3 1 1
github.com/cavad93/vpn/server/main.go:659.2,661.15 2 1
github.com/cavad93/vpn/server/main.go:665.45,673.34 5 1
github.com/cavad93/vpn/server/main.go:673.34,674.38 1 1
github.com/cavad93/vpn/server/main.go:674.38,675.9 1 1
github.com/cavad93/vpn/server/main.go:677.3,678.19 2 1
github.com/cavad93/vpn/server/main.go:678.19,681.4 2 1
github.com/cavad93/vpn/server/main.go:682.3,682.23 1 1
github.com/cavad93/vpn/server/main.go:684.2,684.59 1 1
github.com/cavad93/vpn/server/main.go:688.37,692.16 4 1
github.com/cavad93/vpn/server/main.go:692.16,694.3 1 1
github.com/cavad93/vpn/server/main.go:698.36,700.2 1 1
github.com/cavad93/vpn/server/main.go:703.34,706.2 2 1
github.com/cavad93/vpn/server/main.go:709.35,711.16 2 1
github.com/cavad93/vpn/server/main.go:711.16,713.3 1 1
github.com/cavad93/vpn/server/main.go:714.2,714.37 1 1
github.com/cavad93/vpn/server/main.go:718.32,720.16 2 1
github.com/cavad93/vpn/server/main.go:720.16,722.3 1 1
github.com/cavad93/vpn/server/main.go:723.2,725.12 3 1
github.com/cavad93/vpn/server/main.go:729.29,730.36 1 1
github.com/cavad93/vpn/server/main.go:730.36,732.17 2 1
github.com/cavad93/vpn/server/main.go:732.17,733.9 1 1
github.com/cavad93/vpn/server/main.go:739.54,743.32 4 1
github.com/cavad93/vpn/server/main.go:743.32,745.3 1 1
github.com/cavad93/vpn/server/main.go:746.2,746.25 1 1
github.com/cavad93/vpn/server/main.go:746.25,747.34 1 1
github.com/cavad93/vpn/server/main.go:747.34,749.4 1 1
github.com/cavad93/vpn/server/main.go:751.2,751.13 1 1
github.com/cavad93/vpn/server/main.go:760.87,762.16 2 1
github.com/cavad93/vpn/server/main.go:762.16,763.38 1 1
github.com/cavad93/vpn/server/main.go:763.38,765.4 1 0
github.com/cavad93/vpn/server/main.go:768.3,769.20 2 1
github.com/cavad93/vpn/server/main.go:769.20,771.4 1 0
github.com/cavad93/vpn/server/main.go:773.3,774.76 2 1
github.com/cavad93/vpn/server/main.go:774.76,776.4 1 0
github.com/cavad93/vpn/server/main.go:778.3,779.17 2 1
github.com/cavad93/vpn/server/main.go:783.2,785.16 3 1
github.com/cavad93/vpn/server/main.go:785.16,787.3 1 1
github.com/cavad93/vpn/server/main.go:788.2,788.38 1 1
github.com/cavad93/vpn/server/main.go:788.38,790.3 1 1
github.com/cavad93/vpn/server/main.go:792.2,796.16 4 1
github.com/cavad93/vpn/server/main.go:796.16,798.3 1 0
github.com/cavad93/vpn/server/main.go:799.2,802.16 3 1
github.com/cavad93/vpn/server/main.go:809.13,825.16 11 0
github.com/cavad93/vpn/server/main.go:825.16,828.3 2 0
github.com/cavad93/vpn/server/main.go:830.2,831.16 2 0
github.com/cavad93/vpn/server/main.go:831.16,834.3 2 0
github.com/cavad93/vpn/server/main.go:835.2,838.16 3 0
github.com/cavad93/vpn/server/main.go:838.16,841.3 2 0
github.com/cavad93/vpn/server/main.go:843.2,846.29 3 0
github.com/cavad93/vpn/server/main.go:846.29,848.13 2 0
github.com/cavad93/vpn/server/main.go:848.13,849.42 1 0
github.com/cavad93/vpn/server/main.go:849.42,851.5 1 0
github.com/cavad93/vpn/server/main.go:855.2,855.37 1 0
github.com/cavad93/vpn/server/main.go:855.37,858.3 2 0
github.com/cavad93/vpn/server/tun_linux.go:31.46,33.16 2 0
github.com/cavad93/vpn/server/tun_linux.go:33.16,35.3 1 0
github.com/cavad93/vpn/server/tun_linux.go:37.2,38.32 2 0
github.com/cavad93/vpn/server/tun_linux.go:38.32,41.3 2 0
github.com/cavad93/vpn/server/tun_linux.go:42.2,51.16 4 0
github.com/cavad93/vpn/server/tun_linux.go:51.16,54.3 2 0
github.com/cavad93/vpn/server/tun_linux.go:56.2,56.32 1 0
github.com/cavad93/vpn/server/tun_linux.go:59.49,59.74 1 0
github.com/cavad93/vpn/server/tun_linux.go:60.49,60.75 1 0
github.com/cavad93/vpn/server/tun_linux.go:61.49,61.74 1 0
